
deriving-via-fail.hs:7:34: error:
    Type variable ‘b’ is bound in the ‘via’ type ‘(Identity b)’
    but is not mentioned in ‘Show’, which is illegal

deriving-via-fail.hs:10:12: error:
    Type variable ‘fooo’ is bound in the ‘via’ type ‘fooo’
    but is not mentioned in ‘Category’, which is illegal
